// Vitest Snapshot v1, https://vitest.dev/guide/snapshot.html

exports[`processEntries > should process and insert journal entries into the database 1`] = `
[
  {
    "actionItems": [
      {
        "action": "Prioritize good sleep to recover from the weekend",
        "entryId": 1,
        "id": 1,
      },
      {
        "action": "Continue nurturing the growing bond between Melanie and Levi",
        "entryId": 1,
        "id": 2,
      },
    ],
    "assessment": "Today was a day of balancing energy and emotions.",
    "content": "Today, I was surprised by how much energy I had, despite the big night before.",
    "date": 2024-08-23T14:00:00.000Z,
    "id": 1,
    "keyEvents": [
      {
        "entryId": 1,
        "event": "Had lots of energy despite a big night",
        "id": 1,
      },
      {
        "entryId": 1,
        "event": "Spent meaningful time with Melanie",
        "id": 2,
      },
    ],
    "notes": null,
    "title": "Title 3",
  },
  {
    "actionItems": [
      {
        "action": "Continue refining the journal entry parsing process to ensure seamless database integration.",
        "entryId": 2,
        "id": 3,
      },
      {
        "action": "Plan more structured activities with Levi to help manage the challenges of extended time together.",
        "entryId": 2,
        "id": 4,
      },
    ],
    "assessment": "Today was a day of positive progress and personal reflection.",
    "content": "Today, I achieved a significant milestone by figuring out how to parse all my journal entries so they could be imported into a database.",
    "date": 2024-08-24T14:00:00.000Z,
    "id": 2,
    "keyEvents": [
      {
        "entryId": 2,
        "event": "Worked on parsing journal entries for database import",
        "id": 3,
      },
      {
        "entryId": 2,
        "event": "Spent quality time with Levi at a scout event and Queen Vic Market",
        "id": 4,
      },
    ],
    "notes": null,
    "title": "Title 2",
  },
  {
    "actionItems": [
      {
        "action": "Continue to prioritize time for personal space and self-care.",
        "entryId": 3,
        "id": 5,
      },
      {
        "action": "Maintain intentionality in time spent with Melanie.",
        "entryId": 3,
        "id": 6,
      },
    ],
    "assessment": "Today was marked by a strong sense of accomplishment and self-awareness.",
    "content": "Today was a significant day in terms of productivity and personal growth.",
    "date": 2024-08-25T14:00:00.000Z,
    "id": 3,
    "keyEvents": [
      {
        "entryId": 3,
        "event": "Got on top of personal tasks, including work-related and Scout-related responsibilities.",
        "id": 5,
      },
      {
        "entryId": 3,
        "event": "Felt proud of completing various tasks and clearing backlog.",
        "id": 6,
      },
    ],
    "notes": null,
    "title": "Title 1",
  },
]
`;
